Loading GBPUSD from C:\Users\Oleg\Documents\Oleg\fx\FXViewer\bin\Debug\net10.0-windows\data
  2015:   370,768 minutes
  2016:   370,762 minutes
  2017:   369,253 minutes
  2018:   368,528 minutes
  2019:   366,393 minutes
  2020:   369,007 minutes
  2021:   364,622 minutes
  2022:   368,383 minutes
  2023:   368,891 minutes
  2024:   371,604 minutes
  2025:   370,459 minutes
  2026:   216,434 minutes
Total trading minutes: 4,275,104 (2015-01-01 .. 2026-07-31), loaded in 0.1s

MA periods:   2 values 1..2 trading minutes
              1, 2
MA pairs:     1
StopLoss:     17 values 20..100 step 5 pips
TakeProfit:   17 values 20..100 step 5 pips
Risk/trade:   10 values 0.05%..0.50% of equity
              0.05, 0.1, 0.15, 0.2, 0.25, 0.3, 0.35, 0.4, 0.45, 0.5
Combinations: 2,890 (289 trade sequences x 10 sizes)
Deposit:      100,000, dropped when equity falls 25% below its own peak
Filters:      at least 0 crossovers per MA pair, at least 1,000 entries per result
Spread cost:  0.7 pips per trade (1.4 pips per entry, both trades)
Threads:      22

Building barrier tables (17 distances x 2 directions, ~0.54 GB)...
  88 jobs, stack capacity 56,040
Barrier tables ready in 0.4s

Counting crossovers per MA pair...
  crossovers per pair: min 1,514,264, p10 1,514,264, p25 1,514,264, median 1,514,264, p75 1,514,264, max 1,514,264  (0.0s)

Running sweep...
Sweep done in 0.9s (3k combinations/s, 1,404,720 simulated entries)
Survived the 25% drawdown limit: 1,485 of 2,890 (51.4 %), 1,405 dropped

==================== TOP 5 ====================
  #      A1      A2    SL    TP   risk      deposit        final       return   maxDD  entries        pips   win%
  1       1       2   100    45  0.50%      100,000      138,293          38%   12.8%    2,276       6,774  70.5 %
  2       1       2   100    35  0.50%      100,000      128,847          29%    9.5%    2,745       5,382  75.3 %
  3       1       2    95    50  0.50%      100,000      123,680          24%   11.1%    2,257       4,315  66.7 %
  4       1       2   100    50  0.50%      100,000      119,308          19%    9.7%    2,106       3,802  67.7 %
  5       1       2    65   100  0.50%      100,000      110,120          10%   13.0%    1,829       1,559  40.1 %

Top CSV:    C:\Users\Oleg\Documents\Oleg\fx\reports\gbpusd-ma-cross-top.csv (268 rows)
Best trades: C:\Users\Oleg\Documents\Oleg\fx\reports\gbpusd-ma-cross-best-trades.csv (2276 entries, A1=1 A2=2 SL=100 TP=45 risk=0.50%)

============ BY YEAR: A1=1 A2=2 SL=100 TP=45 risk=0.50% ============
year        start          end     return   maxDD     pips  entries   win%
2015         100,000       97,073      -2.9%    6.2%     -566      226  68.6 %
2016          97,073      100,716       3.8%    6.7%      785      382  70.2 %
2017         100,716      106,910       6.1%    3.4%    1,215      161  72.0 %
2018         106,910       98,516      -7.9%    9.1%   -1,613      188  66.5 %
2019          98,516      111,976      13.7%    9.2%    2,584      165  74.8 %
2020         111,976      119,521       6.7%    4.7%    1,342      295  71.0 %
2021         119,521      126,652       6.0%    1.9%    1,175      118  72.9 %
2022         126,652      138,887       9.7%    4.1%    1,882      288  71.7 %
2023         138,887      145,897       5.0%    4.2%    1,005      157  71.7 %
2024         145,897      138,820      -4.9%    7.2%     -984       92  65.8 %
2025         138,820      133,063      -4.1%   12.8%     -831      133  67.3 %
2026         133,063      138,293       3.9%   10.8%      781       71  73.2 %
maxDD is measured against the running high water mark, it does not reset in January
Equity:     C:\Users\Oleg\Documents\Oleg\fx\reports\gbpusd-ma-cross-equity.html
Total time: 1.5s
