Loading EURUSD from C:\Users\Oleg\Documents\Oleg\fx\FXViewer\bin\Debug\net10.0-windows\data
  2011:   333,028 minutes
  2012:   372,858 minutes
  2013:   369,208 minutes
  2014:   367,126 minutes
  2015:   370,431 minutes
  2016:   370,874 minutes
  2017:   369,311 minutes
  2018:   368,028 minutes
  2019:   364,416 minutes
  2020:   368,369 minutes
  2021:   364,670 minutes
  2022:   369,829 minutes
  2023:   368,679 minutes
  2024:   370,121 minutes
  2025:   370,048 minutes
  2026:   215,392 minutes
Total trading minutes: 5,712,388 (2011-02-08 .. 2026-07-31), loaded in 0.2s

MA periods:   157 values 1..14400 trading minutes
              1, 2, 3, 4, 5, 6, 7, 8, ..., 13920, 14160, 14400
MA pairs:     12,075
StopLoss:     7 values 10..40 step 5 pips
TakeProfit:   9 values 10..90 step 10 pips
Risk/trade:   10 values 0.05%..0.50% of equity
              0.05, 0.1, 0.15, 0.2, 0.25, 0.3, 0.35, 0.4, 0.45, 0.5
Combinations: 7,607,250 (760,725 trade sequences x 10 sizes)
Deposit:      100,000, dropped when equity falls 25% below its own peak
Filters:      at least 2,000 crossovers per MA pair, at least 100 entries per result
Spread cost:  0.7 pips per trade (1.4 pips per entry, both trades)
Threads:      22

Block index ready in 0.0s (22,315 blocks)

Reversal mode: a crossover anchors at that bar's average price. Pending orders
wait at anchor +- X pips; the first touch enters AGAINST the move at that exact
level, SL and TP measured from it. Orders die at the next crossover. One trade
at a time; a crossover during an open trade arms nothing.
X grid:       7 values 10..40 pips
TP cap:       at most 3 x SL (47 SL/TP combos kept)
Walk-forward: 19 months (2025-01..2026-07), fit on the 12 months before each, at least 100 entries per fit window
Combinations: 754,808,250

Running reversal sweep...
  203/12,075 pairs (1.7 %)  elapsed 5s  eta 293s
  552/12,075 pairs (4.6 %)  elapsed 10s  eta 209s
  775/12,075 pairs (6.4 %)  elapsed 15s  eta 219s
  966/12,075 pairs (8.0 %)  elapsed 20s  eta 231s
  1,111/12,075 pairs (9.2 %)  elapsed 25s  eta 247s
  1,267/12,075 pairs (10.5 %)  elapsed 30s  eta 257s
  1,423/12,075 pairs (11.8 %)  elapsed 35s  eta 263s
  1,612/12,075 pairs (13.3 %)  elapsed 40s  eta 260s
  1,811/12,075 pairs (15.0 %)  elapsed 45s  eta 256s
  2,040/12,075 pairs (16.9 %)  elapsed 50s  eta 247s
  2,277/12,075 pairs (18.9 %)  elapsed 55s  eta 237s
  2,520/12,075 pairs (20.9 %)  elapsed 60s  eta 228s
  2,798/12,075 pairs (23.2 %)  elapsed 65s  eta 216s
  3,092/12,075 pairs (25.6 %)  elapsed 70s  eta 204s
  3,429/12,075 pairs (28.4 %)  elapsed 75s  eta 190s
  3,729/12,075 pairs (30.9 %)  elapsed 80s  eta 180s
  4,085/12,075 pairs (33.8 %)  elapsed 85s  eta 167s
  4,449/12,075 pairs (36.8 %)  elapsed 90s  eta 155s
  4,815/12,075 pairs (39.9 %)  elapsed 95s  eta 144s
  5,188/12,075 pairs (43.0 %)  elapsed 100s  eta 133s
  5,570/12,075 pairs (46.1 %)  elapsed 105s  eta 123s
  5,981/12,075 pairs (49.5 %)  elapsed 110s  eta 113s
  6,353/12,075 pairs (52.6 %)  elapsed 115s  eta 104s
  6,733/12,075 pairs (55.8 %)  elapsed 120s  eta 96s
  7,122/12,075 pairs (59.0 %)  elapsed 125s  eta 87s
  7,371/12,075 pairs (61.0 %)  elapsed 130s  eta 83s
  7,707/12,075 pairs (63.8 %)  elapsed 136s  eta 77s
  8,159/12,075 pairs (67.6 %)  elapsed 141s  eta 67s
  8,653/12,075 pairs (71.7 %)  elapsed 146s  eta 58s
  9,084/12,075 pairs (75.2 %)  elapsed 151s  eta 50s
  9,413/12,075 pairs (78.0 %)  elapsed 156s  eta 44s
  9,926/12,075 pairs (82.2 %)  elapsed 161s  eta 35s
  10,535/12,075 pairs (87.2 %)  elapsed 166s  eta 24s
  11,433/12,075 pairs (94.7 %)  elapsed 171s  eta 10s
Reversal sweep done in 173.7s (7,769,265,799 simulated entries, 635,244 blown up)

=========== WALK-FORWARD, top picks of every month ===========
d/m/f = direct wins / mirror wins / both lose in the forecast month

---- 2025-01 (fit 2025-01 minus 12 months) ----
  #      A1       A2     X    SL    TP   risk       fitYear$   prevMonth$       month$      d/m/f   real%    be%
  1    2.5h      11h    15    10    30  0.50%         45,439        7,530       -6,245    7/9/22     18.4   26.8
  2     15h    15.5h    10    20    60  0.50%         40,863        5,157       -6,839    4/12/13     13.8   25.9
  3   1.06d    1.23d    10    15    40  0.50%         39,607        5,301       -3,646    4/8/9      19.0   28.5
  4    1.1d    1.17d    10    20    50  0.50%         39,316        4,523          274    7/8/8      30.4   29.6
  5    5.5h    21.5h    10    10    30  0.50%         39,146        1,453       -3,915    5/5/16     19.2   26.8
  6   18.5h    1.81d    10    15    40  0.50%         39,105        6,702          232    3/3/4      30.0   28.5
  7   14.5h    1.65d    35    10    30  0.50%         38,284        6,802        1,151    3/3/3      33.3   26.8
  8    7.5h       8h    10    15    40  0.50%         37,725        7,739       -6,671    8/14/19     19.5   28.5
  9   0.02h    1.46d    15    15    40  0.50%         37,109       -1,354       -1,870    5/7/9      23.8   28.5
 10      6h    1.21d    30    20    60  0.50%         36,610        4,336        2,193    5/6/4      33.3   25.9

---- 2025-02 (fit 2025-02 minus 12 months) ----
  #      A1       A2     X    SL    TP   risk       fitYear$   prevMonth$       month$      d/m/f   real%    be%
  1      4h    15.5h    20    10    30  0.50%         39,163          371        1,610    7/6/10     30.4   26.8
  2    4.5h    20.5h    10    10    30  0.50%         38,188          910       -1,303    5/8/8      23.8   26.8
  3    1.5h      17h    10    20    50  0.50%         38,055        4,027           86    6/8/6      30.0   29.6
  4    1.9d    2.17d    10    10    30  0.50%         37,414        5,097       -3,317    1/4/5      10.0   26.8
  5    2.5h    13.5h    10    10    30  0.50%         37,203        5,085       -2,134    7/10/13     23.3   26.8
  6      5h      23h    10    15    40  0.50%         36,623        5,566         -313    5/4/9      27.8   28.5
  7     15h    15.5h    10    20    60  0.50%         35,839       -6,839       -6,681    2/5/14      9.5   25.9
  8      5h      12h    15    20    60  0.50%         35,826        6,253        1,578    6/4/10     30.0   25.9
  9    6.5h      17h    30    20    60  0.50%         35,801        2,107       -3,730    2/6/7      13.3   25.9
 10    6.5h    17.5h    30    20    60  0.50%         35,213        5,246       -3,230    2/4/8      14.3   25.9

---- 2025-03 (fit 2025-03 minus 12 months) ----
  #      A1       A2     X    SL    TP   risk       fitYear$   prevMonth$       month$      d/m/f   real%    be%
  1    1.5h      17h    10    20    50  0.50%         35,727           86       -6,307    4/7/15     15.4   29.6
  2    2.5h      11h    15    10    30  0.50%         35,432        2,389          598   10/9/17     27.8   26.8
  3    6.5h       7h    10    15    40  0.50%         34,753       10,603        2,791   13/10/17     32.5   28.5
  4     13h    13.5h    10    15    40  0.50%         34,524        4,443         -375   11/9/19     28.2   28.5
  5      8h      12h    30    20    60  0.50%         34,171        5,793        3,172    6/6/5      35.3   25.9
  6     19h    1.75d    10    15    40  0.50%         34,116        3,960       -1,830    1/2/4      14.3   28.5
  7     18h    1.81d    10    15    40  0.50%         33,778          232       -3,606    0/3/4       0.0   28.5
  8      4h    15.5h    20    10    30  0.50%         33,317        1,610        3,333   10/6/15     32.3   26.8
  9   11.5h    1.02d    10    15    40  0.50%         33,195        1,013       -3,383    3/4/10     17.6   28.5
 10      1h       7h    10    10    30  0.50%         32,480        8,768        1,987   15/11/26     28.8   26.8

---- 2025-04 (fit 2025-04 minus 12 months) ----
  #      A1       A2     X    SL    TP   risk       fitYear$   prevMonth$       month$      d/m/f   real%    be%
  1    6.5h       7h    10    15    40  0.50%         38,222        2,791        5,415   23/19/28     32.9   28.5
  2    2.5h      11h    15    10    30  0.50%         38,040          598       -6,323   11/14/28     20.8   26.8
  3      2h     3.5h    10    15    40  0.50%         37,591       10,558        2,923   26/17/42     30.6   28.5
  4      4h    15.5h    20    10    30  0.50%         37,137        3,333        5,814   12/9/13     35.3   26.8
  5     19h    1.75d    10    15    40  0.50%         36,244       -1,830       -1,085    4/5/7      25.0   28.5
  6     20h    1.71d    10    15    40  0.50%         35,531        3,156          -41    4/4/6      28.6   28.5
  7    5.5h       7h    10    20    60  0.50%         35,506        9,810       10,007   16/9/18     37.2   25.9
  8    4.5h       5h    30    20    60  0.50%         34,996        2,107       -4,301    9/15/19     20.9   25.9
  9     13h    13.5h    10    15    40  0.50%         34,442         -375       -2,994   15/13/30     25.9   28.5
 10    2.5d    2.67d    10    15    40  0.50%         34,171        2,896          738    5/2/9      31.2   28.5

---- 2025-05 (fit 2025-05 minus 12 months) ----
  #      A1       A2     X    SL    TP   risk       fitYear$   prevMonth$       month$      d/m/f   real%    be%
  1      5h      12h    15    20    50  0.50%         51,896       16,538       -5,152    5/9/13     18.5   29.6
  2    2.5h     7.5h    10    10    30  0.50%         47,907       13,605      -11,691   11/15/38     17.2   26.8
  3   1.35d    2.67d    10    15    40  0.50%         46,689        7,263         -293    3/2/6      27.3   28.5
  4    5.5h       7h    10    20    60  0.50%         45,990       10,007        1,234   10/15/11     27.8   25.9
  5    6.5h       7h    10    15    40  0.50%         44,303        5,415      -16,180    7/26/25     12.1   28.5
  6      8h      12h    30    20    60  0.50%         43,926        8,298           94    5/7/7      26.3   25.9
  7   0.17h      18h    20    10    30  0.50%         42,250       12,232       -1,760    8/8/17     24.2   26.8
  8      4h    15.5h    20    10    30  0.50%         39,462        5,814       -5,809    4/8/14     15.4   26.8
  9    5.5h     7.5h    10    10    30  0.50%         39,332       13,782      -12,498   10/19/33     16.1   26.8
 10    5.5h     7.5h    10    20    50  0.50%         38,791        6,300       -6,091    8/17/14     20.5   29.6

---- 2025-06 (fit 2025-06 minus 12 months) ----
  #      A1       A2     X    SL    TP   risk       fitYear$   prevMonth$       month$      d/m/f   real%    be%
  1   0.08h     5.5h    20    10    30  0.50%         50,898        4,834        8,600   16/9/19     36.4   26.8
  2    5.5h       7h    10    20    60  0.50%         46,004        1,234       -2,634    7/9/16     21.9   25.9
  3   0.12h       5h    40    20    60  0.50%         43,804        7,829          179    4/3/8      26.7   25.9
  4   13.5h    1.08d    25    15    40  0.50%         43,769        8,078         -835    5/6/8      26.3   28.5
  5      8h      12h    30    20    60  0.50%         43,560           94       -5,217    2/7/9      11.1   25.9
  6   13.5h    1.08d    30    10    30  0.50%         43,320        8,031        3,259    7/4/9      35.0   26.8
  7    0.1h      12h    10    15    40  0.50%         42,885          402       -1,394    9/7/18     26.5   28.5
  8   0.17h      18h    20    10    30  0.50%         42,131       -1,760        1,453    8/9/10     29.6   26.8
  9   12.5h      15h    10    10    30  0.50%         41,557         -701       11,127   15/5/16     41.7   26.8
 10   0.02h       4h    40    20    60  0.50%         41,342        6,253        1,138    5/2/10     29.4   25.9

---- 2025-07 (fit 2025-07 minus 12 months) ----
  #      A1       A2     X    SL    TP   risk       fitYear$   prevMonth$       month$      d/m/f   real%    be%
  1   0.08h     5.5h    20    10    30  0.50%         64,266        8,600       -1,008   10/10/19     25.6   26.8
  2   12.5h      15h    10    10    30  0.50%         57,326       11,127       -5,087    6/5/21     18.8   26.8
  3   0.05h     5.5h    20    10    30  0.50%         57,122       11,207       -2,064   10/9/22     24.4   26.8
  4   13.5h    1.08d    30    10    30  0.50%         51,670        3,259       -3,248    4/9/8      19.0   26.8
  5   0.07h     5.5h    20    10    30  0.50%         51,223        6,866       -2,959    9/10/20     23.1   26.8
  6     11h      22h    10    10    30  0.50%         49,535        4,609       10,282   13/1/16     43.3   26.8
  7   0.17h      18h    20    10    30  0.50%         48,806        1,453         -547    7/10/10     25.9   26.8
  8    5.5h       7h    10    20    60  0.50%         47,666       -2,634       -3,056    6/9/14     20.7   25.9
  9   0.03h     5.5h    20    10    30  0.50%         46,538        9,431       -5,887    8/9/24     19.5   26.8
 10    2.5h    1.02d    15    10    30  0.50%         46,465        7,121       -1,983    6/7/13     23.1   26.8

---- 2025-08 (fit 2025-08 minus 12 months) ----
  #      A1       A2     X    SL    TP   risk       fitYear$   prevMonth$       month$      d/m/f   real%    be%
  1     11h      22h    10    10    30  0.50%         60,068       10,282       -3,248    4/3/14     19.0   26.8
  2      1h       8h    10    10    30  0.50%         56,227       14,666         -250   12/10/23     26.7   26.8
  3      4h      22h    20    25    70  0.50%         52,290        8,242       -1,527    3/3/8      21.4   27.1
  4   0.08h     5.5h    20    10    30  0.50%         51,910       -1,008        8,354   14/12/11     37.8   26.8
  5      4h      22h    20    25    60  0.50%         50,155        5,998       -2,109    3/4/7      21.4   30.2
  6   13.5h    1.08d    30    10    30  0.50%         49,355       -3,248       -3,983    2/3/10     13.3   26.8
  7      1h       9h    10    10    30  0.50%         48,881        9,015       -2,216   11/11/23     24.4   26.8
  8    2.5h    1.02d    15    10    30  0.50%         46,570       -1,983       -2,356    5/5/13     21.7   26.8
  9   12.5h      15h    10    10    30  0.50%         45,944       -5,087          754    9/8/15     28.1   26.8
 10    5.5h       7h    10    20    60  0.50%         44,892       -3,056       -4,472    5/9/14     17.9   25.9

---- 2025-09 (fit 2025-09 minus 12 months) ----
  #      A1       A2     X    SL    TP   risk       fitYear$   prevMonth$       month$      d/m/f   real%    be%
  1   0.08h     5.5h    20    10    30  0.50%         58,193        8,354        1,139   10/5/20     28.6   26.8
  2      1h       8h    10    10    30  0.50%         53,843         -250       -3,259   11/16/20     23.4   26.8
  3      4h      22h    20    25    70  0.50%         53,607       -1,527         -163    4/3/8      26.7   27.1
  4    0.5h       8h    10    10    30  0.50%         52,765        4,199       -1,690   11/8/25     25.0   26.8
  5     11h      22h    10    10    30  0.50%         52,178       -3,248       -3,766    4/8/10     18.2   26.8
  6   0.17h      18h    20    10    30  0.50%         51,437        7,864        7,453    9/4/7      45.0   26.8
  7   12.5h      15h    10    10    30  0.50%         51,402          754       -1,608    7/10/12     24.1   26.8
  8      4h      22h    20    25    60  0.50%         51,155       -2,109         -948    4/3/8      26.7   30.2
  9      2h     5.5h    10    10    30  0.50%         49,719        9,431       -3,777   11/11/26     22.9   26.8
 10   0.05h     5.5h    20    10    30  0.50%         49,699        8,354        6,789   13/5/18     36.1   26.8

---- 2025-10 (fit 2025-10 minus 12 months) ----
  #      A1       A2     X    SL    TP   risk       fitYear$   prevMonth$       month$      d/m/f   real%    be%
  1      9h    18.5h    10    10    30  0.50%         65,778        5,902       -3,547    6/10/13     20.7   26.8
  2   0.17h      18h    20    10    30  0.50%         64,244        7,453        1,067    7/6/11     29.2   26.8
  3   0.08h     5.5h    20    10    30  0.50%         57,104        1,139       -6,602    6/11/18     17.1   26.8
  4   0.05h     5.5h    20    10    30  0.50%         56,973        6,789       -4,212    7/9/18     20.6   26.8
  5      1h       9h    10    10    30  0.50%         54,210       -2,064       -2,216   11/11/23     24.4   26.8
  6    0.5h       8h    10    10    30  0.50%         53,697       -1,690       -1,690   11/15/18     25.0   26.8
  7    9.5h    1.52d    30    10    30  0.50%         51,561        2,633       -3,835    1/2/8       9.1   26.8
  8   0.02h     9.5h    15    20    60  0.50%         50,507        3,620        3,620    7/3/10     35.0   25.9
  9      1h       8h    10    10    30  0.50%         50,344       -3,259        2,303   13/10/21     29.5   26.8
 10     15h    23.5h    25    15    40  0.50%         50,094        4,223       -3,626    2/2/10     14.3   28.5

---- 2025-11 (fit 2025-11 minus 12 months) ----
  #      A1       A2     X    SL    TP   risk       fitYear$   prevMonth$       month$      d/m/f   real%    be%
  1   0.17h      18h    20    10    30  0.50%         73,151        1,067         -618    4/3/9      25.0   26.8
  2      1h       8h    10    10    30  0.50%         54,302        2,303       -1,760    8/7/18     24.2   26.8
  3      1h       9h    10    10    30  0.50%         53,494       -2,216       -3,179    7/8/17     21.9   26.8
  4   0.02h     9.5h    15    20    60  0.50%         51,948        3,620         -771    3/4/6      23.1   25.9
  5   0.05h     5.5h    20    10    30  0.50%         51,765       -4,212        1,067    7/3/14     29.2   26.8
  6   16.5h      22h    10    10    30  0.50%         51,690        9,444         -772    5/6/9      25.0   26.8
  7   0.25h      17h    20    10    30  0.50%         50,269          526       -1,678    4/4/10     22.2   26.8
  8      9h    18.5h    10    10    30  0.50%         49,375       -3,547         -392    6/2/15     26.1   26.8
  9      4h      22h    20    25    70  0.50%         48,930        4,400        1,043    3/1/5      33.3   27.1
 10   0.08h     5.5h    20    10    30  0.50%         48,898       -6,602        1,610    7/3/13     30.4   26.8

---- 2025-12 (fit 2025-12 minus 12 months) ----
  #      A1       A2     X    SL    TP   risk       fitYear$   prevMonth$       month$      d/m/f   real%    be%
  1   0.17h      18h    20    10    30  0.50%         59,174         -618        6,066    7/2/6      46.7   26.8
  2     11h      22h    10    10    30  0.50%         50,321       -1,831         -772    5/4/11     25.0   26.8
  3      4h      22h    20    25    70  0.50%         47,903        1,043       -2,709    1/1/7      11.1   27.1
  4   16.5h      22h    10    10    30  0.50%         47,570         -772        3,099    8/4/12     33.3   26.8
  5   1.08d    1.29d    25    20    60  0.50%         47,319        1,396       -1,628    1/0/6      14.3   25.9
  6   0.25h      17h    20    10    30  0.50%         46,641       -1,678        6,066    7/2/6      46.7   26.8
  7    9.5h     1.5d    25    15    40  0.50%         46,448          505       -2,855    1/1/7      11.1   28.5
  8   0.02h     9.5h    15    20    60  0.50%         46,390         -771        5,883    6/2/4      50.0   25.9
  9   12.5h      15h    10    10    30  0.50%         46,380        9,444       -4,940    5/1/22     17.9   26.8
 10    2.5h    15.5h    10    10    30  0.50%         45,596        5,009       -5,809    4/3/19     15.4   26.8

---- 2026-01 (fit 2026-01 minus 12 months) ----
  #      A1       A2     X    SL    TP   risk       fitYear$   prevMonth$       month$      d/m/f   real%    be%
  1   0.17h      18h    20    10    30  0.50%         69,758        6,066       -3,248    4/9/8      19.0   26.8
  2   0.25h      17h    20    10    30  0.50%         57,232        6,066       -1,831    5/8/9      22.7   26.8
  3    8.5h    11.5h    20    15    40  0.50%         53,673        7,534        5,833   10/9/5      41.7   28.5
  4   16.5h      22h    10    10    30  0.50%         51,581        3,099       -3,248    4/10/7      19.0   26.8
  5   1.08d    1.29d    25    15    40  0.50%         50,659        3,416       -2,609    2/2/8      16.7   28.5
  6     18h      20h    10    10    30  0.50%         48,772          526        3,493    9/7/11     33.3   26.8
  7   0.25h      18h    20    10    30  0.50%         48,240        6,066       -1,303    5/10/6      23.8   26.8
  8   0.02h     9.5h    15    20    60  0.50%         48,168        5,883        1,578    6/4/10     30.0   25.9
  9   0.15h    1.02d    15    20    60  0.50%         47,862        1,837        2,193    5/5/5      33.3   25.9
 10   0.17h      10h    20    10    20  0.50%         47,596        3,333        2,754   14/8/12     41.2   35.7

---- 2026-02 (fit 2026-02 minus 12 months) ----
  #      A1       A2     X    SL    TP   risk       fitYear$   prevMonth$       month$      d/m/f   real%    be%
  1    8.5h    11.5h    20    15    40  0.50%         68,825        5,833        3,677    6/4/4      42.9   28.5
  2    0.5h     7.5h    20    10    30  0.50%         59,480        1,841          299    5/4/9      27.8   26.8
  3   0.17h    11.5h    15    20    60  0.50%         55,912        7,829         -686    2/0/7      22.2   25.9
  4   0.25h      17h    20    10    30  0.50%         55,684       -1,831        4,934    7/3/7      41.2   26.8
  5   0.17h      18h    20    10    30  0.50%         55,220       -3,248        4,373    7/4/7      38.9   26.8
  6    7.5h    13.5h    20    20    60  0.50%         54,404       10,663       -4,562    0/3/6       0.0   25.9
  7   0.05h    22.5h    15    20    60  0.50%         53,867        4,248       -1,200    2/2/6      20.0   25.9
  8   0.42h       6h    15    20    60  0.50%         53,794       11,627       -1,712    2/1/8      18.2   25.9
  9    7.5h    12.5h    20    20    60  0.50%         53,345        7,920        1,837    3/1/4      37.5   25.9
 10    7.5h      12h    20    15    40  0.50%         53,286        8,350        7,534    8/3/3      57.1   28.5

---- 2026-03 (fit 2026-03 minus 12 months) ----
  #      A1       A2     X    SL    TP   risk       fitYear$   prevMonth$       month$      d/m/f   real%    be%
  1   0.08h      12h    15    10    30  0.50%         71,366       10,453        1,756   13/7/25     28.9   26.8
  2   0.15h      10h    20    10    30  0.50%         70,103       12,849           60   10/7/20     27.0   26.8
  3    7.5h      12h    20    15    40  0.50%         68,435        7,534        2,532   12/7/18     32.4   28.5
  4    8.5h    11.5h    20    15    40  0.50%         67,553        3,677       -1,146   10/7/20     27.0   28.5
  5   0.17h      10h    20    10    30  0.50%         66,115       11,220          598   10/6/20     27.8   26.8
  6   0.12h    12.5h    15    10    30  0.50%         65,958        6,713       -2,216   11/9/25     24.4   26.8
  7   0.03h    10.5h    20    10    30  0.50%         64,833        6,713          826   12/7/24     27.9   26.8
  8      4h       5h    20    10    30  0.50%         64,148        5,738       -2,518   13/11/29     24.5   26.8
  9   0.02h       9h    20    10    30  0.50%         63,796        4,609        1,212   13/13/20     28.3   26.8
 10   0.17h      10h    20    10    20  0.50%         63,249        8,416       -3,025   13/11/18     31.0   35.7

---- 2026-04 (fit 2026-04 minus 12 months) ----
  #      A1       A2     X    SL    TP   risk       fitYear$   prevMonth$       month$      d/m/f   real%    be%
  1    7.5h      12h    20    15    40  0.50%         67,519        2,532        2,058    6/3/8      35.3   28.5
  2    7.5h      13h    20    10    30  0.50%         67,168        9,771       -1,678    4/3/11     22.2   26.8
  3    0.5h       9h    10    10    30  0.50%         67,131       21,347        2,780   10/7/15     31.2   26.8
  4      8h      12h    20    10    30  0.50%         65,877       10,783        3,814    7/3/9      36.8   26.8
  5   0.08h      12h    15    10    30  0.50%         65,306        1,756       -1,079    7/9/12     25.0   26.8
  6    7.5h    13.5h    20    20    60  0.50%         64,898        7,180        1,751    4/3/5      33.3   25.9
  7      4h       5h    20    10    30  0.50%         64,521       -2,518       -6,958    5/7/20     15.6   26.8
  8    7.5h      13h    20    15    30  0.50%         62,578        7,732       -2,891    4/4/9      23.5   34.9
  9   0.15h      10h    20    10    30  0.50%         61,719           60        2,157    7/4/11     31.8   26.8
 10   10.5h    11.5h    10    25    60  0.50%         61,679       11,039        4,217    7/4/4      46.7   30.2

---- 2026-05 (fit 2026-05 minus 12 months) ----
  #      A1       A2     X    SL    TP   risk       fitYear$   prevMonth$       month$      d/m/f   real%    be%
  1   0.42h      16h    10    20    60  0.50%         66,194          179       -2,726    2/5/6      15.4   25.9
  2    9.5h    13.5h    10    20    60  0.50%         65,912        3,708         -686    2/1/6      22.2   25.9
  3    0.5h       9h    10    10    30  0.50%         65,130        2,780          215    9/10/14     27.3   26.8
  4      9h      14h    10    25    70  0.50%         63,439        3,329       -3,543    0/2/5       0.0   27.1
  5   0.02h      19h    10    10    30  0.50%         62,958        1,610       -1,079    7/8/13     25.0   26.8
  6    7.5h      12h    20    15    40  0.50%         62,871        2,058        2,595    6/4/6      37.5   28.5
  7      3h      11h    15    20    60  0.50%         62,642        7,920       -1,712    2/2/7      18.2   25.9
  8      9h      14h    10    20    60  0.50%         60,266        3,796       -2,220    2/3/7      16.7   25.9
  9      3h    10.5h    15    20    60  0.50%         60,130        5,793       -2,220    2/2/8      16.7   25.9
 10    7.5h      13h    20    10    30  0.50%         59,307       -1,678        4,934    7/3/7      41.2   26.8

---- 2026-06 (fit 2026-06 minus 12 months) ----
  #      A1       A2     X    SL    TP   risk       fitYear$   prevMonth$       month$      d/m/f   real%    be%
  1    7.5h      13h    20    10    30  0.50%         67,187        4,934          143    6/4/12     27.3   26.8
  2   0.42h      16h    10    20    60  0.50%         65,756       -2,726        6,434    6/0/5      54.5   25.9
  3   0.42h      13h    15    20    60  0.50%         62,489       -1,284        2,280    4/1/6      36.4   25.9
  4      5h      13h    10    20    60  0.50%         61,801        2,812        3,259    5/0/8      38.5   25.9
  5   0.02h      19h    10    10    30  0.50%         57,928       -1,079         -547    7/7/13     25.9   26.8
  6   0.42h      12h    15    15    40  0.50%         57,823         -313          464    6/4/10     30.0   28.5
  7    9.5h    13.5h    10    20    60  0.50%         56,827         -686        1,751    4/2/6      33.3   25.9
  8   0.12h     7.5h    10    15    40  0.50%         56,546        3,918        1,227    9/4/16     31.0   28.5
  9      3h      13h    15    20    60  0.50%         55,883          179        2,725    5/3/6      35.7   25.9
 10    6.5h      13h    15    25    70  0.50%         55,461          176          524    3/2/5      30.0   27.1

---- 2026-07 (fit 2026-07 minus 12 months) ----
  #      A1       A2     X    SL    TP   risk       fitYear$   prevMonth$       month$      d/m/f   real%    be%
  1   0.42h      13h    15    20    60  0.50%         72,927        2,280        5,883    6/2/4      50.0   25.9
  2   0.08h       7h    10    10    30  0.50%         71,552       11,552       -5,595    6/12/15     18.2   26.8
  3   0.42h      16h    10    20    60  0.50%         66,038        6,434        3,796    5/3/4      41.7   25.9
  4   0.07h       7h    10    10    30  0.50%         62,223       13,795       -6,958    5/12/15     15.6   26.8
  5    7.5h      13h    20    10    30  0.50%         60,546          143          299    5/6/7      27.8   26.8
  6   0.05h       7h    10    10    30  0.50%         59,996       10,361       -7,951    5/11/18     14.7   26.8
  7      5h      13h    10    20    60  0.50%         58,194        3,259        3,796    5/2/5      41.7   25.9
  8   0.03h       7h    10    10    30  0.50%         57,198       10,361       -7,102    6/12/18     16.7   26.8
  9      8h      12h    20    15    40  0.50%         56,304        7,241         -564    4/4/7      26.7   28.5
 10      3h      13h    15    20    60  0.50%         54,667        2,725       -2,726    2/7/4      15.4   25.9

=========== TOTALS PER RANK (sum of month results, fresh deposit each month) ===========
rank    months  positive       totalMoney      totalPips  entries  direct  mirror   fail
   1        19        10            4,248             31      527     146     126    255
   2        19         5          -41,252           -899      584     135     150    299
   3        19        10            2,546            163      496     139     120    237
   4        19         8            1,440             -6      480     131     134    215
   5        19         5          -37,013         -1,098      483     111     137    235
   6        19        10           12,332            204      395     113      96    186
   7        19         5          -19,821           -359      427     104     105    218
   8        19         7          -21,302           -497      488     121     119    248
   9        19         9          -16,512           -370      543     138     126    279
  10        19        11            3,458             -6      451     131     109    211

Walk CSV:   C:\Users\Oleg\Documents\Oleg\fx\reports\eurusd-reversal-walk.csv (190 rows)
Total time: 178.2s
