Loading EURUSD from C:\Users\Oleg\Documents\Oleg\fx\FXViewer\bin\Debug\net10.0-windows\data
  2020:   368,369 minutes
  2021:   364,670 minutes
  2022:   369,829 minutes
  2023:   368,679 minutes
  2024:   370,121 minutes
  2025:   370,048 minutes
  2026:   216,003 minutes
Total trading minutes: 2,427,719 (2020-01-02 .. 2026-07-31), loaded in 0.1s

Robot2 replay: 500 combinations from reports/eurusd-robot2-fit-2015-2019.csv
re-run as-is on the loaded range 2020-01-02..2026-07-31, no re-optimisation, no early abort
Spread cost:  0.7 pips per closed trade
Replay done in 0.7s

==================== FIT vs TEST (first rows = best fit rank) ====================
  #     avg  diff1  diff2    SL    TP  delta      fitPips   fitWorst     testPips  testWorst  testN  test win%
  1      1d    -50      0   100    70     50        4,144       -334          669       -786    201    61.2 %
  2      3d    -50     20    60    90     10        4,194       -371       -1,451     -2,493    402    38.1 %
  3      1d    -50      0    90    80     50        4,277       -420          548       -932    232    54.7 %
  4      1d    -50      0    90   100     50        4,279       -467       -1,400     -1,953    271    45.0 %
  5      1d    -50      0    80    80     50        4,087       -415          396       -853    235    51.5 %
  6      3d    -40     20    60    90     10        4,020       -400         -976     -2,461    451    39.0 %
  7      3d    -50     20    60   100     10        4,096       -453       -1,400     -2,761    400    35.7 %
  8      3d    -40     20    60   100     10        3,853       -364       -1,075     -2,508    450    36.4 %
  9      3d      0      0    30    80     10        3,981       -438          944     -1,134  1,123    28.7 %
 10      3d    -50     20    50    90     10        3,880       -389          -16     -1,587    409    36.2 %
 11      1d    -20     40    40    50     10        3,936       -447          906       -760    692    46.7 %
 12      1d    -20     20   100    80     30        3,974       -467        2,084     -1,231    394    58.9 %
 13      3d    -40      0    40   100     10        3,815       -389         -161     -1,515    630    28.9 %
 14      3d    -20     20    40    60     10        3,558       -273          354     -1,125    608    41.3 %
 15      2d    -40     20    40   110     10        3,976       -499       -1,901     -2,665    559    24.9 %

Out of sample: 319/500 profitable (63.8 %), median 320 pips, best 3,295, worst -2,674
Average test trades per combo: 418

============ BY YEAR (entry year, spread included): avg=1d diff1=-50 diff2=0 SL=100 TP=70 delta=50 ============
year     entries      pips     wins  losses   win%
2020         29      -200       16      13   55.2%
2021         23       234       15       8   65.2%
2022         50        65       30      20   60.0%
2023         26      -238       14      12   53.8%
2024         19       -43       11       8   57.9%
2025         40       392       26      14   65.0%
2026         14       460       11       3   78.6%

Replay CSV: C:\Users\Oleg\Documents\Oleg\fx\reports\eurusd-robot2-replay.csv (500 rows)
Total time: 0.9s
