Loading GBPUSD from C:\Users\Oleg\Documents\Oleg\fx\FXViewer\bin\Debug\net10.0-windows\data
  2023:   368,891 minutes
  2024:   371,604 minutes
  2025:   370,459 minutes
  2026:   216,434 minutes
Total trading minutes: 1,327,388 (2023-01-01 .. 2026-07-31), loaded in 0.1s

Robot2 walk-forward: 19 months (2025-01..2026-07),
fit the full legacy grid (718,740 combos) on the 12 months before each,
rank by the legacy score, take the top 10, run each on the month as-is.
Entries only inside a window; trades open at its end run on until they close.
Fit filter:   at least 10 entries per fit window, early abort below -500 pips
d/m/f:        direct wins / direct lost but the OPPOSITE trade at the same entry
              would have won / both lose. Mirror uses the same high-first bar rule.
Spread cost:  0.7 pips per closed trade
Threads:      22
Engine check: 721 sampled combos, event engine matches the sequential one exactly (1s)
  2025-01: fit swept in 23s, 262,021 aborted, 10 picks
  2025-02: fit swept in 37s, 167,456 aborted, 10 picks
  2025-03: fit swept in 38s, 175,711 aborted, 10 picks
  2025-04: fit swept in 37s, 185,136 aborted, 10 picks
  2025-05: fit swept in 39s, 185,803 aborted, 10 picks
  2025-06: fit swept in 42s, 196,874 aborted, 10 picks
  2025-07: fit swept in 36s, 218,268 aborted, 10 picks
  2025-08: fit swept in 38s, 217,889 aborted, 10 picks
  2025-09: fit swept in 41s, 225,514 aborted, 10 picks
  2025-10: fit swept in 36s, 222,521 aborted, 10 picks
  2025-11: fit swept in 35s, 213,299 aborted, 10 picks
  2025-12: fit swept in 36s, 204,493 aborted, 10 picks
  2026-01: fit swept in 35s, 205,282 aborted, 10 picks
  2026-02: fit swept in 33s, 203,330 aborted, 10 picks
  2026-03: fit swept in 31s, 187,613 aborted, 10 picks
  2026-04: fit swept in 28s, 229,607 aborted, 10 picks
  2026-05: fit swept in 27s, 230,242 aborted, 10 picks
  2026-06: fit swept in 26s, 249,108 aborted, 10 picks
  2026-07: fit swept in 29s, 249,918 aborted, 10 picks
Walk-forward done in 645s

=========== WALK-FORWARD, top picks of every month ===========

---- 2025-01 (fit = 12 months before) ----
  #     avg  diff1  diff2    SL    TP  delta    fitPips  fitWorst  fitN    monthPips  monthN      d/m/f   real%    be%
  1      2d      0      0    50    50     30      1,734      -206   165          186      20    12/8/0      60.0   50.7
  2      2d     10      0    50    50     30      1,695      -206   150          338      17    12/5/0      70.6   50.7
  3      1d      0     60    90    80     40      1,461       -91    27           68       3     2/1/0      66.7   53.4
  4      2d      0      0    90    60     30      1,828      -276   132         -310      15     7/8/0      46.7   60.5
  5      1d      0     60    90    90     40      1,422       -92    26          177       4     3/1/0      75.0   50.4
  6      2d     10     10    50    50     40      1,646      -206   149          289      16    11/5/0      68.8   50.7
  7      1d      0     60   100    80     40      1,421      -101    27           58       3     2/1/0      66.7   55.9
  8      2d     50      0   100   140     30      1,584      -201    51         -124       6     2/2/2      33.3   42.0
  9      9d     40    100   100   120     50      1,368      -101    17            0       0     0/0/0         -   45.8
 10      1d      0     60    90   100     40      1,334       -91    23          207       4     3/1/0      75.0   47.7

---- 2025-02 (fit = 12 months before) ----
  #     avg  diff1  diff2    SL    TP  delta    fitPips  fitWorst  fitN    monthPips  monthN      d/m/f   real%    be%
  1      1d     20     30    50   150     20      1,727      -152    33           48       3     1/0/2      33.3   25.4
  2      1d      0     60    90    90     40      1,602       -91    26           -1       2     1/1/0      50.0   50.4
  3      7d    -20     20    20   140     10      1,870      -248    72          -26       9     1/0/8      11.1   12.9
  4      7d    -40     20    20   140     10      1,742      -186    55           15       7     1/0/6      14.3   12.9
  5      9d     50    100   100   110     40      1,766      -201    20            9       2     1/1/0      50.0   48.0
  6      1d      0     60   100    90     40      1,562      -101    26          -11       2     1/1/0      50.0   53.0
  7      8d    -50     20    40   140     10      1,751      -204    41         -244       6     0/0/6       0.0   22.6
  8      8d    -50     20    40   150     10      1,751      -204    41         -244       6     0/0/6       0.0   21.4
  9      1d     30      0    90   150     10      2,119      -395   101         -427      10     2/4/4      20.0   37.8
 10      8d    -50     20    30   140     10      1,631      -154    41         -184       6     0/0/6       0.0   18.1

---- 2025-03 (fit = 12 months before) ----
  #     avg  diff1  diff2    SL    TP  delta    fitPips  fitWorst  fitN    monthPips  monthN      d/m/f   real%    be%
  1      2d     50     40    80   150      0      2,393      -404   110           56       5     2/2/1      40.0   35.1
  2      2d     50     40    70   150      0      2,280      -354   114         -134       5     1/1/3      20.0   32.1
  3      2d     50     50    70   150     10      2,272      -354   111         -134       5     1/1/3      20.0   32.1
  4      1d     50      0   100   150      0      2,343      -403    81          246       5     3/2/0      60.0   40.3
  5      2d     50     50   100   150     10      2,333      -403    96           97       4     2/2/0      50.0   40.3
  6      2d     50     40    80   130      0      2,172      -323   111           16       5     2/2/1      40.0   38.4
  7      2d     50     40   100   150      0      2,281      -403    99           97       4     2/2/0      50.0   40.3
  8      2d     50     40    80   140      0      2,262      -404   111           36       5     2/2/1      40.0   36.7
  9      2d     50     40   100   130      0      2,249      -403   101           57       4     2/2/0      50.0   43.8
 10      2d     50     50    80   150     10      2,244      -404   109           56       5     2/2/1      40.0   35.1

---- 2025-04 (fit = 12 months before) ----
  #     avg  diff1  diff2    SL    TP  delta    fitPips  fitWorst  fitN    monthPips  monthN      d/m/f   real%    be%
  1      2d     50     60    80   150     30      1,711       -81    13          149       1     1/0/0     100.0   35.1
  2      2d     50     60    90   150     30      1,701       -91    13          149       1     1/0/0     100.0   37.8
  3      2d     50     60    90   150     40      1,493         0    10            0       0     0/0/0         -   37.8
  4      2d     50     60   100   150     40      1,493         0    10            0       0     0/0/0         -   40.3
  5      2d     50     60    80   150     40      1,493         0    10            0       0     0/0/0         -   35.1
  6      2d     50     60    70   150     40      1,493         0    10            0       0     0/0/0         -   32.1
  7      2d     50     60   100   150     30      1,691      -101    13          149       1     1/0/0     100.0   40.3
  8      1d     50     20    70   150      0      2,272      -416   111          550      14     7/5/2      50.0   32.1
  9      1d     50      0   100   150      0      2,243      -403    82         -156       9     3/4/2      33.3   40.3
 10      2d     10      0    50    50     30      1,843      -206   153          -59      13     6/7/0      46.2   50.7

---- 2025-05 (fit = 12 months before) ----
  #     avg  diff1  diff2    SL    TP  delta    fitPips  fitWorst  fitN    monthPips  monthN      d/m/f   real%    be%
  1      1d     50     20    70   150      0      2,650      -416   115         -259      13     3/4/6      23.1   32.1
  2      1d     50     40    90   150      0      2,764      -491   123           80      15     6/6/3      40.0   37.8
  3      1d     50     40    90   130      0      2,522      -454   125          -40      15     6/6/3      40.0   41.2
  4      1d     20     30    70   120     10      2,028      -234    60          -22       3     1/2/0      33.3   37.2
  5      1d     20     30    70   140     10      2,129      -289    59           -2       3     1/1/1      33.3   33.7
  6      1d     50     20    70   140      0      2,370      -426   115         -289      13     3/6/4      23.1   33.7
  7      1d     50     20    60   150      0      2,227      -364   119         -159      13     3/4/6      23.1   28.9
  8      1d     50     20    80   150      0      2,474      -496   109         -278      12     3/5/4      25.0   35.1
  9      1d     50     40    80   150      0      2,470      -496   129          170      15     6/6/3      40.0   35.1
 10      1d     40     20    30   150      0      2,333      -430   182         -193      18     2/4/12     11.1   17.1

---- 2025-06 (fit = 12 months before) ----
  #     avg  diff1  diff2    SL    TP  delta    fitPips  fitWorst  fitN    monthPips  monthN      d/m/f   real%    be%
  1      1d      0     20    40   150     20      2,430      -204    57           68       3     1/0/2      33.3   21.4
  2      1d      0     20    40   140     20      2,180      -204    57           58       3     1/0/2      33.3   22.6
  3      1d      0     10    40   140     10      2,363      -315   110          -47      10     2/0/8      20.0   22.6
  4      1d     20     30    70   140     10      2,270      -283    57         -214       6     1/1/4      16.7   33.7
  5      1d      0     20    50   150     20      2,212      -254    55           48       3     1/0/2      33.3   25.4
  6      1d     40     70    90   120     20      2,018      -181    31          -62       3     1/2/0      33.3   43.2
  7      1d     40      0    40   130      0      2,129      -244   144         -237      10     1/1/8      10.0   23.9
  8      1d     40     70    90   110     20      1,988      -181    31          -72       3     1/2/0      33.3   45.4
  9      1d      0     10    40   150     10      2,214      -298   109          -27      10     2/0/8      20.0   21.4
 10      1d     40     70    90    90     20      1,778       -91    32          -92       3     1/2/0      33.3   50.4

---- 2025-07 (fit = 12 months before) ----
  #     avg  diff1  diff2    SL    TP  delta    fitPips  fitWorst  fitN    monthPips  monthN      d/m/f   real%    be%
  1      1d      0     20    40   150     20      2,281      -204    56           27       4     1/2/1      25.0   21.4
  2      2d     50     60    90   150     20      1,877       -91    19          149       1     1/0/0     100.0   37.8
  3      1d     40     70    90   120     20      2,047      -181    33          477       4     4/0/0     100.0   43.2
  4      1d     40     70    90   110     20      2,007      -181    33          437       4     4/0/0     100.0   45.4
  5      2d     50     60   100   150     20      1,837      -101    19          149       1     1/0/0     100.0   40.3
  6      1d      0     20    40   140     20      2,041      -204    56           17       4     1/2/1      25.0   22.6
  7      1d     40     70    80   120     20      1,937      -161    33          477       4     4/0/0     100.0   40.4
  8      1d     40     70    80   110     20      1,897      -161    33          437       4     4/0/0     100.0   42.5
  9      1d      0     20    80   150     20      2,094      -266    51          137       4     2/2/0      50.0   35.1
 10      1d      0     20    50   150     20      2,062      -254    54          197       4     2/2/0      50.0   25.4

---- 2025-08 (fit = 12 months before) ----
  #     avg  diff1  diff2    SL    TP  delta    fitPips  fitWorst  fitN    monthPips  monthN      d/m/f   real%    be%
  1      1d     40     70    90   120     20      2,405      -181    36          148       3     2/0/1      66.7   43.2
  2      1d     40     70    90   110     20      2,335      -181    36          328       3     3/0/0     100.0   45.4
  3      1d     40     70    80   120     20      2,295      -161    36          158       3     2/0/1      66.7   40.4
  4      1d     50     70   100    90     10      2,341      -213    56          268       3     3/0/0     100.0   53.0
  5      1d     40     70   100   120     20      2,315      -201    36          138       3     2/0/1      66.7   45.8
  6      1d     40     70    80   110     20      2,225      -161    36          328       3     3/0/0     100.0   42.5
  7      1d     50     70   100    80     10      2,259      -201    58          238       3     3/0/0     100.0   55.9
  8      1d     40     70   100   110     20      2,255      -201    36          328       3     3/0/0     100.0   48.0
  9      1d     50     70    90    90     10      2,210      -183    57          268       3     3/0/0     100.0   50.4
 10      1d     50     70   100   110     10      2,442      -302    55          118       3     2/0/1      66.7   48.0

---- 2025-09 (fit = 12 months before) ----
  #     avg  diff1  diff2    SL    TP  delta    fitPips  fitWorst  fitN    monthPips  monthN      d/m/f   real%    be%
  1      1d     50     70   100   130     10      2,943      -302    53          316       6     4/2/0      66.7   43.8
  2      1d     50     70   100   140     10      2,823      -302    53          356       6     4/1/1      66.7   42.0
  3      1d     40     70    90   140     20      2,576      -181    35          188       3     2/1/0      66.7   39.4
  4      1d     50     70    90   120     10      2,753      -272    53          296       6     4/2/0      66.7   43.2
  5      1d     50     70   100   120     10      2,803      -302    53          276       6     4/2/0      66.7   45.8
  6      1d     40     70    90   130     20      2,546      -181    35          168       3     2/1/0      66.7   41.2
  7      1d     30     70    90   140     20      2,533      -181    38          188       3     2/1/0      66.7   39.4
  8      1d     40     70    90   120     20      2,496      -181    35          148       3     2/1/0      66.7   43.2
  9      1d     30     70    90   130     20      2,493      -181    38          168       3     2/1/0      66.7   41.2
 10      1d     50     70    90   130     10      2,673      -272    53          336       6     4/2/0      66.7   41.2

---- 2025-10 (fit = 12 months before) ----
  #     avg  diff1  diff2    SL    TP  delta    fitPips  fitWorst  fitN    monthPips  monthN      d/m/f   real%    be%
  1      1d     50     70   100   130     10      3,230      -302    57           14       9     4/4/1      44.4   43.8
  2      1d     50     70   100   140     10      3,140      -302    57         -186       9     3/4/2      33.3   42.0
  3      1d     50     70    90   120     10      3,020      -272    57           24       9     4/4/1      44.4   43.2
  4      1d     50     70   100   120     10      3,060      -302    57          -26       9     4/4/1      44.4   45.8
  5      1d     50     70    90   130     10      2,970      -272    57           64       9     4/4/1      44.4   41.2
  6      1d     40     70    90   140     20      2,715      -181    36          194       8     4/3/1      50.0   39.4
  7      1d     50     70    90   140     10      2,880      -272    57         -126       9     3/4/2      33.3   39.4
  8      1d     40     70   100   130     10      2,928      -302    60           14       9     4/4/1      44.4   43.8
  9      1d     40     70    90   130     20      2,675      -181    36          154       8     4/3/1      50.0   41.2
 10      1d     30     70    90   140     20      2,673      -181    39          194       8     4/3/1      50.0   39.4

---- 2025-11 (fit = 12 months before) ----
  #     avg  diff1  diff2    SL    TP  delta    fitPips  fitWorst  fitN    monthPips  monthN      d/m/f   real%    be%
  1      1d     40     70   100   120     20      2,811      -201    42         -101       1     0/1/0       0.0   45.8
  2      1d     40     70   100   110     20      2,701      -201    42         -101       1     0/1/0       0.0   48.0
  3      1d     40     70    90   130     20      2,791      -272    42          -91       1     0/1/0       0.0   41.2
  4      1d     40     70    80   130     20      2,701      -242    42          -81       1     0/1/0       0.0   38.4
  5      1d     30     70   100   100     20      2,369      -105    44         -101       1     0/1/0       0.0   50.4
  6      1d     40     70    90   120     20      2,701      -272    42          -91       1     0/1/0       0.0   43.2
  7      1d     40     70    80   120     20      2,611      -242    42          -81       1     0/1/0       0.0   40.4
  8      1d     40     70    90   140     20      2,721      -314    41          -91       1     0/1/0       0.0   39.4
  9      1d     40     70   100   130     20      2,671      -302    42         -101       1     0/1/0       0.0   43.8
 10      1d     30     70    90   130     20      2,609      -272    44          -91       1     0/1/0       0.0   41.2

---- 2025-12 (fit = 12 months before) ----
  #     avg  diff1  diff2    SL    TP  delta    fitPips  fitWorst  fitN    monthPips  monthN      d/m/f   real%    be%
  1      1d     20     30    40   140     10      2,609      -244    73           99       2     1/1/0      50.0   22.6
  2      2d      0     50   100   110     20      2,516      -201    48          118       3     2/1/0      66.7   48.0
  3      1d     40     70   100   120     20      2,453      -201    39          -82       3     1/2/0      33.3   45.8
  4      1d     40     70   100   110     20      2,373      -201    39          -92       3     1/2/0      33.3   48.0
  5      1d     10     40    70   140     20      2,534      -287    80          -75       7     2/2/3      28.6   33.7
  6      1d     20     30    50   140     10      2,480      -266    71           89       2     1/1/0      50.0   26.7
  7      1d     20     30    40   130     10      2,299      -204    73           89       2     1/1/0      50.0   23.9
  8      1d     50     80    90   120     20      2,052       -91    26            0       0     0/0/0         -   43.2
  9      1d     30     70   100   100     20      2,071      -105    41         -102       3     1/2/0      33.3   50.4
 10      1d     40     70    90   130     20      2,403      -272    39          -52       3     1/1/1      33.3   41.2

---- 2026-01 (fit = 12 months before) ----
  #     avg  diff1  diff2    SL    TP  delta    fitPips  fitWorst  fitN    monthPips  monthN      d/m/f   real%    be%
  1      1d     20     30   100   140      0      2,888      -403   131          193      10     5/4/1      50.0   42.0
  2      2d      0     50   100   110     20      2,608      -302    45           17       4     2/2/0      50.0   48.0
  3      1d     20     30    40   140     10      2,412      -244    69          -41       1     0/0/1       0.0   22.6
  4      2d    -20     50   100    90     30      2,130      -124    43           78       3     2/1/0      66.7   53.0
  5      2d    -20     50    90    90     30      2,040       -94    43           88       3     2/1/0      66.7   50.4
  6      2d      0     50    90    90     30      2,040       -95    43           88       3     2/1/0      66.7   50.4
  7      1d     50     80    90   120     20      2,023       -91    24           29       2     1/0/1      50.0   43.2
  8      1d      0     10    90   150      0      2,545      -363   136          144       9     4/3/2      44.4   37.8
  9      2d     40     90    90   140     40      1,999       -91    16            0       0     0/0/0         -   39.4
 10      2d     40     90    70   140     40      1,948       -71    17            0       0     0/0/0         -   33.7

---- 2026-02 (fit = 12 months before) ----
  #     avg  diff1  diff2    SL    TP  delta    fitPips  fitWorst  fitN    monthPips  monthN      d/m/f   real%    be%
  1      1d     10     50   100   130     20      2,439      -245    58           86       6     3/3/0      50.0   43.8
  2      2d      0     50   100   110     20      2,398      -302    45          118       3     2/1/0      66.7   48.0
  3      2d    -20     50   100    90     30      2,041      -124    42          -11       2     1/1/0      50.0   53.0
  4      1d     10     50   100   120     20      2,318      -265    60           56       6     3/3/0      50.0   45.8
  5      2d    -20     50    90    90     30      1,951       -94    42           -1       2     1/1/0      50.0   50.4
  6      1d      0     10    90   150      0      2,460      -363   129           21      13     5/4/4      38.5   37.8
  7      2d    -20     50    90   120     30      2,252      -272    40           29       2     1/1/0      50.0   43.2
  8      1d     20     30   100   140      0      2,494      -403   123           -8      12     5/5/2      41.7   42.0
  9      2d    -20     50   100   110     20      2,088      -201    46          118       3     2/1/0      66.7   48.0
 10      3d    -20     30   100   130     50      1,681         0    13          -72       3     1/2/0      33.3   43.8

---- 2026-03 (fit = 12 months before) ----
  #     avg  diff1  diff2    SL    TP  delta    fitPips  fitWorst  fitN    monthPips  monthN      d/m/f   real%    be%
  1      1d     10     50   100   130     20      2,698      -201    60          172      12     6/4/2      50.0   43.8
  2      1d     10     50   100   120     20      2,557      -201    62          552      12     8/4/0      66.7   45.8
  3      1d      0     10    90   150      0      2,428      -272   132         -555      22     6/9/7      27.3   37.8
  4      1d     20     30   100   140      0      2,633      -403   124          -94      20     8/9/3      40.0   42.0
  5      2d     40     90    70   140     40      1,811         0    13           -2       3     1/2/0      33.3   33.7
  6      2d     40     90    90   140     40      1,811         0    13          -42       3     1/2/0      33.3   39.4
  7      2d     40     90   100   140     40      1,811         0    13          -62       3     1/2/0      33.3   42.0
  8      2d     40     90    80   140     40      1,811         0    13          -22       3     1/2/0      33.3   36.7
  9      1d     10     50    80    80     20      2,109      -163    73          150      14     8/6/0      57.1   50.4
 10      1d      0     10   100   150      0      2,364      -302   123         -615      21     6/8/7      28.6   40.3

---- 2026-04 (fit = 12 months before) ----
  #     avg  diff1  diff2    SL    TP  delta    fitPips  fitWorst  fitN    monthPips  monthN      d/m/f   real%    be%
  1      1d     10     50   100   120     20      3,190      -201    71           56       6     3/2/1      50.0   45.8
  2      1d      0     50   100   120     20      3,071      -201    70           56       6     3/2/1      50.0   45.8
  3      1d    -10     50   100   120     20      2,795      -201    64           56       6     3/2/1      50.0   45.8
  4      1d     10     50   100   110     20      2,720      -201    71           26       6     3/2/1      50.0   48.0
  5      1d    -20     50   100   120     20      2,694      -201    65           56       6     3/2/1      50.0   45.8
  6      1d      0     50   100   110     20      2,611      -201    70           26       6     3/2/1      50.0   48.0
  7      1d     10     50    80   120     20      2,905      -404    78          116       6     3/2/1      50.0   40.4
  8      1d     30     20    70    90     10      2,522      -212   168         -439      13     3/6/4      23.1   44.2
  9      1d    -30     50   100   120     20      2,620      -284    57           56       6     3/2/1      50.0   45.8
 10      1d     10     50   100   100     20      2,450      -206    71           -4       6     3/3/0      50.0   50.4

---- 2026-05 (fit = 12 months before) ----
  #     avg  diff1  diff2    SL    TP  delta    fitPips  fitWorst  fitN    monthPips  monthN      d/m/f   real%    be%
  1      1d     10     50   100   120     20      2,493      -201    67          156       5     3/2/0      60.0   45.8
  2      1d      0     50   100   120     20      2,493      -201    67          276       6     4/2/0      66.7   45.8
  3      1d    -10     50   100   120     20      2,355      -201    64          276       6     4/2/0      66.7   45.8
  4      1d    -20     50   100   120     20      2,254      -201    65          156       5     3/2/0      60.0   45.8
  5      1d     10     50   100   110     20      2,182      -201    68          126       5     3/2/0      60.0   48.0
  6      1d      0     50   100   110     20      2,182      -201    68          236       6     4/2/0      66.7   48.0
  7      1d     50      0    60   150      0      2,297      -304   104         -126       9     2/3/4      22.2   28.9
  8      1d    -20     50   100   110     20      2,073      -201    67          126       5     3/2/0      60.0   48.0
  9      1d    -10     50   100   110     20      2,064      -201    65          236       6     4/2/0      66.7   48.0
 10      1d     50      0    60   140      0      2,226      -304   105         -146       9     2/3/4      22.2   30.4

---- 2026-06 (fit = 12 months before) ----
  #     avg  diff1  diff2    SL    TP  delta    fitPips  fitWorst  fitN    monthPips  monthN      d/m/f   real%    be%
  1      1d      0     50   100   120     20      2,713      -201    67          -64       5     2/2/1      40.0   45.8
  2      1d     10     50   100   120     20      2,493      -201    67          -64       5     2/2/1      40.0   45.8
  3      1d    -10     50   100   120     20      2,474      -201    65          -64       5     2/2/1      40.0   45.8
  4      1d      0     50   100   110     20      2,392      -201    68          -84       5     2/3/0      40.0   48.0
  5      1d    -20     50   100   120     20      2,355      -201    64          -64       5     2/2/1      40.0   45.8
  6      1d    -30     50   100   120     20      2,299      -201    58         -183       4     1/2/1      25.0   45.8
  7      1d     10     50   100   110     20      2,182      -201    68          -84       5     2/3/0      40.0   48.0
  8      4d    -40     10   100   140     50      2,182      -201    26          -62       3     1/1/1      33.3   42.0
  9      1d    -10     50   100   110     20      2,174      -201    66          -84       5     2/3/0      40.0   48.0
 10      1d      0     50   100   100     20      2,152      -204    68         -104       5     2/3/0      40.0   50.4

---- 2026-07 (fit = 12 months before) ----
  #     avg  diff1  diff2    SL    TP  delta    fitPips  fitWorst  fitN    monthPips  monthN      d/m/f   real%    be%
  1      1d      0     50   100   120     20      2,474      -302    65          358       3     3/0/0     100.0   45.8
  2      1d      0     50    90   120     20      2,323      -244    67          358       3     3/0/0     100.0   43.2
  3      1d    -30     50    90   130     50      2,171      -181    27            0       0     0/0/0         -   41.2
  4      1d    -30     50   100   120     20      2,281      -284    56          239       2     2/0/0     100.0   45.8
  5      1d    -30     50   100   130     50      2,111      -201    27            0       0     0/0/0         -   43.8
  6      1d    -30     50    80   130     50      2,021      -161    27            0       0     0/0/0         -   38.4
  7      1d    -40     50   100   150     50      2,080      -205    29            0       0     0/0/0         -   40.3
  8      1d      0     50    80   120     20      2,151      -249    70          358       3     3/0/0     100.0   40.4
  9      1d    -20     50   100   120     20      2,217      -284    61          358       3     3/0/0     100.0   45.8
 10      1d    -40     50   100   130     50      2,039      -201    30            0       0     0/0/0         -   43.8

=========== TOTALS PER RANK (sum of month results) ===========
rank    months  positive      totalPips  entries  direct  mirror   fail   real%
   1        19        16          1,708      117      57      41     19    48.7
   2        19        14          2,466      105      59      33     13    56.2
   3        19         7            155      107      41      32     34    38.3
   4        19        10            894      109      52      42     15    47.7
   5        19        11            983       67      33      24     10    49.3
   6        19        11            794       95      45      37     13    47.4
   7        19        10            350       86      32      26     28    37.2
   8        19         9            800      114      48      41     25    42.1
   9        19        11            975      107      49      39     19    45.8
  10        19         6           -503      118      41      44     33    34.7

Walk CSV:   C:\Users\Oleg\Documents\Oleg\fx\reports\gbpusd-robot2-walk.csv (190 rows)
Total time: 645.0s
